left_aboutus.jpg
sub_r2_c2.jpg
left_center.jpg
centert.jpg
areabg.jpg
areabg.jpg
c_shanghai.jpg
left_course.jpg
classes_r2_c2.jpg
classes_duoneng.jpg
classes_music.jpg
classes_game.jpg
classes_chuangyi.jpg
classes_renzhi.jpg
left_course_music.jpg
left_news.jpg
news.jpg
arrows_r3_c2.jpg
arrows_r2_c4.jpg
left_treasury.jpg
treasury.jpg
left_joinus.jpg
joinus.jpg
left_activities.jpg
activities.jpg
left_messages.jpg
messages.jpg
loading.gif
logo.png
topbutton2BG.png
menubarBG.gif
menubarBG.gif
ad_parentSchool.gif
ad_pet.gif
brithdayH2.jpg
brithday.gif
brithday.gif
baby_book_wrap.gif
index_r4_c4.jpg
eActionH2.gif
eAction.gif
slideBG.gif
logonForm.gif
submitActive.gif
submit.gif
logonButtonActive.gif
logonButton.gif
logonButton2Active.gif
logonButton2.gif
multipotencyTail.gif
multipotencyH2.gif
center_15.gif
multipotencyBorder.gif
main_list_box_06.gif
multipotencyBorder.gif
home_multipotency_multipotency_content1.jpg
index_r6_c2.jpg
home_NewsListH2.gif
newsList.gif
grey_dot.gif
main_list_box_07.gif
picshowbg.gif
index_r2_c4.jpg
searchForm.gif
left_%E7%BD%91%E7%AB%99%E5%9C%B0%E5%9B%BE.jpg
right_top.jpg
h3dot.gif
ok.gif
rep.gif
bg_pg1.gif
course.png
home-main-wrap.png
photo-frame.png
